// Vitest Snapshot v1, https://vitest.dev/guide/snapshot.html

exports[`AuthorsList component > renders correctly 1`] = `
<div>
  <div
    class="mt-10 flex-col justify-center items-start gap-4"
  >
    <div
      class="self-stretch text-white my-5 text-lg font-semibold leading-normal"
    >
      Text
    </div>
    <div
      class="flex flex-wrap justify-start items-center space-x-[-12px]"
    >
      <a
        aria-label="test-author"
        href="https://github.com/test-author"
        rel="noopener noreferrer"
        target="_blank"
      >
        <img
          alt="test-author"
          class="rounded-full border-solid border-4 border-purple mb-6"
          height="55"
          src="https://github.com/test-author.png?size=55"
          width="55"
        />
      </a>
      <a
        aria-label="another-test-author"
        href="https://github.com/another-test-author"
        rel="noopener noreferrer"
        target="_blank"
      >
        <img
          alt="another-test-author"
          class="rounded-full border-solid border-4 border-purple mb-6"
          height="55"
          src="https://github.com/another-test-author.png?size=55"
          width="55"
        />
      </a>
    </div>
  </div>
</div>
`;
