// Vitest Snapshot v1, https://vitest.dev/guide/snapshot.html

exports[`ShellBox component > renders correctly 1`] = `
<div>
  <pre
    class="shell-box no-highlight"
  >
    <div
      class="shell-box-top"
    />
    <code
      class="shell-box-code"
    >
      mock-children-code
    </code>
  </pre>
</div>
`;
