// Vitest Snapshot v1, https://vitest.dev/guide/snapshot.html

exports[`Events page > renders correctly 1`] = `
<main>
  <div
    class="relative pt-40 pb-16 md:pb-36 md:pt-60 overflow-hidden"
  >
    <div
      class="w-full relative"
    >
      <div
        class="absolute z-[-1] w-[2396px] h-[1340px] left-[23px] md:left-[112px] top-[21px] md:top-[171px] bg-[#410170] shadow-[0_0_400px_rgba(65,1,112,1)] rounded-full blur-[400px]"
      />
      <div
        class="absolute z-[-1] w-[1487px] h-[893px] left-[120px] md:left-[676px] top-[120px] md:top-[395px] bg-[#B62987] shadow-[0_0_400px_rgba(182,41,135,1)] rounded-full blur-[400px]"
      />
      <div
        class="absolute z-[-1] w-[688px] h-[446px] left-[400px] md:left-[1131px] top-[618px] bg-[#FE8492] shadow-[0_0_400px_rgba(254,132,146,1)] rounded-full blur-[400px]"
      />
    </div>
    <div
      class="mx-auto max-w-[1048px] w-full px-6 lg:px-0 flex flex-col items-center justify-center"
    >
      <div
        class="self-stretch flex-col justify-center items-center gap-6 flex"
      >
        <div
          class="self-stretch  flex-col justify-center items-center gap-4 flex"
        >
          <div
            class="justify-start items-center gap-3 inline-flex"
          >
            <svg
              fill="none"
              height="14"
              viewBox="0 0 14 14"
              width="14"
              xmlns="http://www.w3.org/2000/svg"
            >
              <rect
                fill="#FF1464"
                height="8"
                rx="2"
                width="8"
                x="3"
                y="3"
              />
              <rect
                height="11"
                rx="3.5"
                stroke="#FF1464"
                stroke-opacity="0.25"
                stroke-width="3"
                width="11"
                x="1.5"
                y="1.5"
              />
            </svg>
            <div
              class="text-rose-600 text-base font-bold leading-normal"
            >
              Events
            </div>
          </div>
          <div
            class="self-stretch text-center text-white   text-[56px] lg:text-[80px] leading-[114.286%] md:leading-[120%] font-semibold"
          >
            News & Events
          </div>
        </div>
        <div
          class="self-stretch text-center text-lightgrey text-[20px] font-normal leading-[140%] mx-auto max-w-[860px] px-2 w-full"
        >
          Follow the latest Eclipse Foundation Events
        </div>
      </div>
    </div>
  </div>
  <div
    class="bg-purple pt-8 px-4 max-w-[1000px] mx-auto"
  >
    <div
      class="mx-auto max-w-3xl px-6 lg:px-8 flex flex-col items-center justify-center mb-16"
    >
      <h2
        class="text-center text-4xl lg:text-5xl leading-[44px] lg:leading-[56px] font-semibold text-white-900"
      >
        Upcoming Events
      </h2>
    </div>
    <div
      data-testid="timeline"
    >
      Mock Timeline
    </div>
  </div>
</main>
`;
