// Vitest Snapshot v1, https://vitest.dev/guide/snapshot.html

exports[`ReleaseNotesRender component > should render correctly - no release notes 1`] = `
<div>
  <div
    class="release-notes-container mx-auto w-full max-w-[1400px] px-4 lg:px-8 py-6 items-center text-center justify-center"
  >
    <div
      class="self-stretch text-center text-lightgrey text-[20px] font-normal leading-[140%] mx-auto max-w-[860px] px-2 w-full mb-4"
    >
      <h2
        class="text-4xl font-bold text-pink mb-2 tracking-tight drop-shadow-sm"
      >
        release_name_mock
      </h2>
    </div>
    <div
      class="pt-3 w-full flex justify-center h-full"
    >
      <div
        class="w-full flex-grow"
      >
        <div
          class="bg-gradient-to-br from-[#200E46]/90 to-[#2B1A4F]/90 rounded-3xl border border-white/20 shadow-lg p-8 text-center"
        >
          <h2
            class="text-3xl font-bold text-pink tracking-tight drop-shadow-sm mb-4"
          >
            Text
          </h2>
          <span
            class="text-white/80 text-lg"
          >
            Text
             
            <code
              class="bg-[#14003c] px-2 py-1 rounded text-pink"
            >
              ?version=x.x.x
            </code>
          </span>
        </div>
      </div>
    </div>
  </div>
</div>
`;

exports[`ReleaseNotesRender component > should render correctly - version not defined 1`] = `
<div>
  <div
    class="release-notes-container mx-auto w-full max-w-[1400px] px-4 lg:px-8 py-6 items-center text-center justify-center"
  >
    <div
      class="self-stretch text-center text-lightgrey text-[20px] font-normal leading-[140%] mx-auto max-w-[860px] px-2 w-full mb-4"
    >
      <h2
        class="text-4xl font-bold text-pink mb-2 tracking-tight drop-shadow-sm"
      >
        release_name_mock
      </h2>
    </div>
    <div
      class="pt-3 w-full flex justify-center h-full"
    >
      <div
        class="w-full flex-grow"
      >
        <p
          class="release-notes-description"
        >
          Text
        </p>
        <p
          class="release-notes-description"
        >
          <strong>
            The total number of fixes marked as P1 is: 2
          </strong>
        </p>
        <div
          class="flex items-center justify-between gap-4 mb-0 bg-[#2B1A4F]/90 rounded-t-2xl border border-white/10 px-4 py-3"
        >
          <div
            class="flex items-center gap-3 flex-wrap"
          >
            <select
              aria-label="Filter by priority"
              class="bg-[#231146]/60 text-white/90 text-sm border border-white/10 rounded-md px-3 py-1.5 focus:outline-none focus:border-pink"
            >
              <option
                value=""
              >
                All Priorities
              </option>
              <option
                value="1"
              >
                P
                1
              </option>
            </select>
            <select
              aria-label="Filter by type"
              class="bg-[#231146]/60 text-white/90 text-sm border border-white/10 rounded-md px-3 py-1.5 focus:outline-none focus:border-pink"
            >
              <option
                value=""
              >
                All Types
              </option>
              <option
                value="Bug"
              >
                Bug
              </option>
            </select>
            <select
              aria-label="Filter by component"
              class="bg-[#231146]/60 text-white/90 text-sm border border-white/10 rounded-md px-3 py-1.5 focus:outline-none focus:border-pink"
            >
              <option
                value=""
              >
                All Components
              </option>
              <option
                value="component_mock"
              >
                component_mock
              </option>
            </select>
          </div>
          <button
            class="text-sm font-medium text-white/80 hover:text-white bg-[#231146]/60 border border-white/10 rounded-md px-4 py-1.5 hover:bg-[#231146] transition-colors"
          >
            Export CSV
          </button>
        </div>
        <div
          class="overflow-x-auto rounded-b-2xl border border-t-0 border-white/10 bg-[#231146]/50 backdrop-blur-sm shadow-lg"
        >
          <table
            aria-label="Release Notes"
            class="w-full text-left"
          >
            <thead>
              <tr
                class="bg-[#2B1A4F]/98 border-b-2 border-pink/40"
              >
                <th
                  class="px-4 py-3 text-white font-bold text-xs uppercase tracking-wider cursor-pointer select-none hover:text-pink transition-colors w-[120px]"
                >
                  Priority
                   
                  ▲
                </th>
                <th
                  class="px-4 py-3 text-white font-bold text-xs uppercase tracking-wider w-[130px]"
                >
                  Type
                </th>
                <th
                  class="px-4 py-3 text-white font-bold text-xs uppercase tracking-wider w-[170px]"
                >
                  Component
                </th>
                <th
                  class="px-4 py-3 text-white font-bold text-xs uppercase tracking-wider w-[150px]"
                >
                  Issue
                </th>
                <th
                  class="px-4 py-3 text-white font-bold text-xs uppercase tracking-wider min-w-[300px]"
                >
                  Title
                </th>
              </tr>
            </thead>
            <tbody>
              <tr
                class="border-b border-white/5 transition-all duration-200 hover:bg-white/[0.08] hover:-translate-y-px hover:shadow-md bg-white/[0.02]"
                data-row="true"
              >
                <td
                  class="px-4 py-3 text-white/90"
                  data-field="priority"
                >
                  <span
                    class="badge bg-secondary priority-1"
                    title="P1 - Blocks development and/or testing work, production could not run."
                  >
                    P1
                  </span>
                </td>
                <td
                  class="px-4 py-3 text-white/90"
                  data-field="type"
                >
                  Bug
                </td>
                <td
                  class="px-4 py-3 text-white/90"
                  data-field="component"
                >
                  component_mock
                </td>
                <td
                  class="px-4 py-3"
                  data-field="id"
                >
                  <a
                    class="issue-link"
                    href="https://link_mock"
                    rel="noopener noreferrer"
                    target="_blank"
                  >
                    0
                  </a>
                </td>
                <td
                  class="px-4 py-3 text-white/90 break-words"
                  data-field="title"
                >
                  title_mock
                </td>
              </tr>
              <tr
                class="border-b border-white/5 transition-all duration-200 hover:bg-white/[0.08] hover:-translate-y-px hover:shadow-md "
                data-row="true"
              >
                <td
                  class="px-4 py-3 text-white/90"
                  data-field="priority"
                >
                  <span
                    class="badge bg-secondary priority-1"
                    title="P1 - Blocks development and/or testing work, production could not run."
                  >
                    P1
                  </span>
                </td>
                <td
                  class="px-4 py-3 text-white/90"
                  data-field="type"
                >
                  Bug
                </td>
                <td
                  class="px-4 py-3 text-white/90"
                  data-field="component"
                >
                  component_mock
                </td>
                <td
                  class="px-4 py-3"
                  data-field="id"
                >
                  <a
                    class="issue-link"
                    href="https://link_mock"
                    rel="noopener noreferrer"
                    target="_blank"
                  >
                    1
                  </a>
                </td>
                <td
                  class="px-4 py-3 text-white/90 break-words"
                  data-field="title"
                >
                  title_mock
                </td>
              </tr>
            </tbody>
          </table>
        </div>
        <div
          class="flex items-center justify-between gap-4 mt-4 bg-[#231146]/30 rounded-lg border border-white/[0.08] p-3 shadow-md text-white/85"
        >
          <div
            class="flex items-center gap-2 text-sm"
          >
            <span>
              Rows per page:
            </span>
            <select
              class="bg-[#231146]/60 text-white/85 border border-white/10 rounded-md px-2 py-1 text-sm focus:outline-none focus:border-pink"
            >
              <option
                value="20"
              >
                20
              </option>
              <option
                value="50"
              >
                50
              </option>
              <option
                value="75"
              >
                75
              </option>
            </select>
          </div>
          <div
            class="flex items-center gap-3 text-sm"
          >
            <span>
              1–2 of 2
            </span>
            <button
              class="px-2 py-1 rounded bg-[#231146]/40 border border-white/5 hover:bg-pink/15 disabled:opacity-40 disabled:cursor-not-allowed transition-all"
              disabled=""
            >
              ‹
            </button>
            <button
              class="px-2 py-1 rounded bg-[#231146]/40 border border-white/5 hover:bg-pink/15 disabled:opacity-40 disabled:cursor-not-allowed transition-all"
              disabled=""
            >
              ›
            </button>
          </div>
        </div>
      </div>
    </div>
  </div>
</div>
`;

exports[`ReleaseNotesRender component > should render correctly 1`] = `
<div>
  <div
    class="release-notes-container mx-auto w-full max-w-[1400px] px-4 lg:px-8 py-6 items-center text-center justify-center"
  >
    <div
      class="self-stretch text-center text-lightgrey text-[20px] font-normal leading-[140%] mx-auto max-w-[860px] px-2 w-full mb-4"
    >
      <h2
        class="text-4xl font-bold text-pink mb-2 tracking-tight drop-shadow-sm"
      >
        release_name_mock
      </h2>
    </div>
    <div
      class="pt-3 w-full flex justify-center h-full"
    >
      <div
        class="w-full flex-grow"
      >
        <p
          class="release-notes-description"
        >
          Text
        </p>
        <p
          class="release-notes-description"
        >
          <strong>
            The total number of fixes marked as P1 is: 2
          </strong>
        </p>
        <div
          class="flex items-center justify-between gap-4 mb-0 bg-[#2B1A4F]/90 rounded-t-2xl border border-white/10 px-4 py-3"
        >
          <div
            class="flex items-center gap-3 flex-wrap"
          >
            <select
              aria-label="Filter by priority"
              class="bg-[#231146]/60 text-white/90 text-sm border border-white/10 rounded-md px-3 py-1.5 focus:outline-none focus:border-pink"
            >
              <option
                value=""
              >
                All Priorities
              </option>
              <option
                value="1"
              >
                P
                1
              </option>
            </select>
            <select
              aria-label="Filter by type"
              class="bg-[#231146]/60 text-white/90 text-sm border border-white/10 rounded-md px-3 py-1.5 focus:outline-none focus:border-pink"
            >
              <option
                value=""
              >
                All Types
              </option>
              <option
                value="Bug"
              >
                Bug
              </option>
            </select>
            <select
              aria-label="Filter by component"
              class="bg-[#231146]/60 text-white/90 text-sm border border-white/10 rounded-md px-3 py-1.5 focus:outline-none focus:border-pink"
            >
              <option
                value=""
              >
                All Components
              </option>
              <option
                value="component_mock"
              >
                component_mock
              </option>
            </select>
          </div>
          <button
            class="text-sm font-medium text-white/80 hover:text-white bg-[#231146]/60 border border-white/10 rounded-md px-4 py-1.5 hover:bg-[#231146] transition-colors"
          >
            Export CSV
          </button>
        </div>
        <div
          class="overflow-x-auto rounded-b-2xl border border-t-0 border-white/10 bg-[#231146]/50 backdrop-blur-sm shadow-lg"
        >
          <table
            aria-label="Release Notes"
            class="w-full text-left"
          >
            <thead>
              <tr
                class="bg-[#2B1A4F]/98 border-b-2 border-pink/40"
              >
                <th
                  class="px-4 py-3 text-white font-bold text-xs uppercase tracking-wider cursor-pointer select-none hover:text-pink transition-colors w-[120px]"
                >
                  Priority
                   
                  ▲
                </th>
                <th
                  class="px-4 py-3 text-white font-bold text-xs uppercase tracking-wider w-[130px]"
                >
                  Type
                </th>
                <th
                  class="px-4 py-3 text-white font-bold text-xs uppercase tracking-wider w-[170px]"
                >
                  Component
                </th>
                <th
                  class="px-4 py-3 text-white font-bold text-xs uppercase tracking-wider w-[150px]"
                >
                  Issue
                </th>
                <th
                  class="px-4 py-3 text-white font-bold text-xs uppercase tracking-wider min-w-[300px]"
                >
                  Title
                </th>
              </tr>
            </thead>
            <tbody>
              <tr
                class="border-b border-white/5 transition-all duration-200 hover:bg-white/[0.08] hover:-translate-y-px hover:shadow-md bg-white/[0.02]"
                data-row="true"
              >
                <td
                  class="px-4 py-3 text-white/90"
                  data-field="priority"
                >
                  <span
                    class="badge bg-secondary priority-1"
                    title="P1 - Blocks development and/or testing work, production could not run."
                  >
                    P1
                  </span>
                </td>
                <td
                  class="px-4 py-3 text-white/90"
                  data-field="type"
                >
                  Bug
                </td>
                <td
                  class="px-4 py-3 text-white/90"
                  data-field="component"
                >
                  component_mock
                </td>
                <td
                  class="px-4 py-3"
                  data-field="id"
                >
                  <a
                    class="issue-link"
                    href="https://link_mock"
                    rel="noopener noreferrer"
                    target="_blank"
                  >
                    0
                  </a>
                </td>
                <td
                  class="px-4 py-3 text-white/90 break-words"
                  data-field="title"
                >
                  title_mock
                </td>
              </tr>
              <tr
                class="border-b border-white/5 transition-all duration-200 hover:bg-white/[0.08] hover:-translate-y-px hover:shadow-md "
                data-row="true"
              >
                <td
                  class="px-4 py-3 text-white/90"
                  data-field="priority"
                >
                  <span
                    class="badge bg-secondary priority-1"
                    title="P1 - Blocks development and/or testing work, production could not run."
                  >
                    P1
                  </span>
                </td>
                <td
                  class="px-4 py-3 text-white/90"
                  data-field="type"
                >
                  Bug
                </td>
                <td
                  class="px-4 py-3 text-white/90"
                  data-field="component"
                >
                  component_mock
                </td>
                <td
                  class="px-4 py-3"
                  data-field="id"
                >
                  <a
                    class="issue-link"
                    href="https://link_mock"
                    rel="noopener noreferrer"
                    target="_blank"
                  >
                    1
                  </a>
                </td>
                <td
                  class="px-4 py-3 text-white/90 break-words"
                  data-field="title"
                >
                  title_mock
                </td>
              </tr>
            </tbody>
          </table>
        </div>
        <div
          class="flex items-center justify-between gap-4 mt-4 bg-[#231146]/30 rounded-lg border border-white/[0.08] p-3 shadow-md text-white/85"
        >
          <div
            class="flex items-center gap-2 text-sm"
          >
            <span>
              Rows per page:
            </span>
            <select
              class="bg-[#231146]/60 text-white/85 border border-white/10 rounded-md px-2 py-1 text-sm focus:outline-none focus:border-pink"
            >
              <option
                value="20"
              >
                20
              </option>
              <option
                value="50"
              >
                50
              </option>
              <option
                value="75"
              >
                75
              </option>
            </select>
          </div>
          <div
            class="flex items-center gap-3 text-sm"
          >
            <span>
              1–2 of 2
            </span>
            <button
              class="px-2 py-1 rounded bg-[#231146]/40 border border-white/5 hover:bg-pink/15 disabled:opacity-40 disabled:cursor-not-allowed transition-all"
              disabled=""
            >
              ‹
            </button>
            <button
              class="px-2 py-1 rounded bg-[#231146]/40 border border-white/5 hover:bg-pink/15 disabled:opacity-40 disabled:cursor-not-allowed transition-all"
              disabled=""
            >
              ›
            </button>
          </div>
        </div>
      </div>
    </div>
  </div>
</div>
`;
