// Vitest Snapshot v1, https://vitest.dev/guide/snapshot.html

exports[`PowerOfTemurin component > should render correctly 1`] = `
<div>
  <div
    class="bg-purple pt-16 pb-0"
  >
    <div
      class="mx-auto max-w-3xl px-6 lg:px-8 flex flex-col items-center justify-center mb-0"
    >
      <h2
        class="text-center text-4xl lg:text-5xl leading-[44px] lg:leading-[56px] font-semibold text-white-900"
      >
        Text
      </h2>
      <h3
        class="text-center text-base leading-6 font-normal text-grey mt-6"
      >
        Text
      </h3>
      <a
        href="/business-benefits"
      >
        <button
          class="bg-transparent mt-10 border-2 border-pink-500/0 text-white text-base leading-6 font-bold w-[191px] h-[48px] rounded-2xl gradient-border hover:scale-105 transition-transform duration-300"
        >
          Text
        </button>
      </a>
    </div>
    <div
      class="lg:hidden max-w-[500px] mx-auto flex flex-col text-center items-center"
    >
      <img
        alt="Description"
        class="w-full mb-0 max-w-[366px] object-cover"
        height="366"
        src="/images/icons/feature-layers.svg"
        width="366"
      />
      <img
        alt="scroll divider"
        class="mb-0"
        height="80"
        src="/images/icons/scroll-divider.svg"
        width="16"
      />
      <div
        class="flex flex-col flex-1 px-4"
      >
        <h1
          class="text-xl my-5 font-bold"
        >
          Text
        </h1>
        <div
          class="text-base text-grey"
        >
          Text
        </div>
      </div>
    </div>
    <div
      class="lg:hidden max-w-[500px] mx-auto flex flex-col text-center items-center"
    >
      <img
        alt="Description"
        class="w-full mb-0 max-w-[366px] object-cover"
        height="366"
        src="/images/icons/feature-layers.svg"
        width="366"
      />
      <img
        alt="scroll divider"
        class="mb-0"
        height="80"
        src="/images/icons/scroll-divider.svg"
        width="16"
      />
      <div
        class="flex flex-col flex-1 px-4"
      >
        <h1
          class="text-xl my-5 font-bold"
        >
          Text
        </h1>
        <div
          class="text-base text-grey"
        >
          Text
        </div>
      </div>
    </div>
    <div
      class="lg:hidden max-w-[500px] mx-auto flex flex-col text-center items-center"
    >
      <img
        alt="Description"
        class="w-full mb-0 max-w-[366px] object-cover"
        height="366"
        src="/images/icons/feature-layers.svg"
        width="366"
      />
      <img
        alt="scroll divider"
        class="mb-0"
        height="80"
        src="/images/icons/scroll-divider.svg"
        width="16"
      />
      <div
        class="flex flex-col flex-1 px-4"
      >
        <h1
          class="text-xl my-5 font-bold"
        >
          Text
        </h1>
        <div
          class="text-base text-grey"
        >
          Text
        </div>
      </div>
    </div>
    <div
      class="lg:block hidden open-animation-wrapper"
    >
      <div
        class="relative max-w-7xl mx-auto px-4 sm:px-6 lg:px-8"
        style="height: 400vh;"
      >
        <div
          class="sticky top-0 h-screen flex items-center justify-center overflow-hidden pb-16"
        >
          <div
            class="relative w-full h-full flex items-center justify-between"
          >
            <div
              class="w-1/2 h-full flex items-center justify-center relative"
            >
              <div
                class="absolute inset-0 flex items-center justify-center"
                style="opacity: 0; scale: 0;"
              >
                <div
                  class="relative w-full max-w-[500px] aspect-square"
                >
                  <img
                    alt="Text"
                    class="object-contain drop-shadow-2xl"
                    src="/images/icons/feature-layers.svg"
                  />
                </div>
              </div>
              <div
                class="absolute inset-0 flex items-center justify-center"
                style="opacity: 0; scale: 0;"
              >
                <div
                  class="relative w-full max-w-[500px] aspect-square"
                >
                  <img
                    alt="Text"
                    class="object-contain drop-shadow-2xl"
                    src="/images/icons/feature-layers.svg"
                  />
                </div>
              </div>
              <div
                class="absolute inset-0 flex items-center justify-center"
                style="opacity: 0; scale: 0;"
              >
                <div
                  class="relative w-full max-w-[500px] aspect-square"
                >
                  <img
                    alt="Text"
                    class="object-contain drop-shadow-2xl"
                    src="/images/icons/feature-layers.svg"
                  />
                </div>
              </div>
            </div>
            <div
              class="w-1/2 h-full flex items-center justify-center relative pl-12"
            >
              <div
                class="absolute w-full max-w-lg"
                style="opacity: 0;"
              >
                <h2
                  class="text-4xl md:text-5xl font-bold text-white mb-6 leading-tight"
                >
                  Text
                </h2>
                <div
                  class="text-xl text-gray-300 leading-relaxed font-light"
                >
                  Text
                </div>
              </div>
              <div
                class="absolute w-full max-w-lg"
                style="opacity: 0;"
              >
                <h2
                  class="text-4xl md:text-5xl font-bold text-white mb-6 leading-tight"
                >
                  Text
                </h2>
                <div
                  class="text-xl text-gray-300 leading-relaxed font-light"
                >
                  Text
                </div>
              </div>
              <div
                class="absolute w-full max-w-lg"
                style="opacity: 0;"
              >
                <h2
                  class="text-4xl md:text-5xl font-bold text-white mb-6 leading-tight"
                >
                  Text
                </h2>
                <div
                  class="text-xl text-gray-300 leading-relaxed font-light"
                >
                  Text
                </div>
              </div>
            </div>
          </div>
        </div>
      </div>
    </div>
  </div>
</div>
`;
