// Vitest Snapshot v1, https://vitest.dev/guide/snapshot.html

exports[`UsingTemurin component > should render correctly 1`] = `
<div>
  <section
    class="py-16 max-w-[1048px] w-full mx-auto lg:flex justify-center lg:justify-between xl:px-0 px-6 "
  >
    <div
      class="lg:max-w-[560px] w-full"
    >
      <h2
        class="md:text-5xl text-[40px] font-normal leading-[48px] md:leading-[56px]"
      >
        How other companies are using Temurin
      </h2>
      <p
        class="md:mt-6 my-10 text-grey text-base leading-6 font-normal"
      >
        Discover how industry leaders leverage Temurin to enhance performance and drive innovation in their development processes.
      </p>
    </div>
    <div
      class="max-w-[400px] w-full hidden lg:block"
    >
      <img
        alt="scroll-divider"
        class="mb-0"
        data-nimg="1"
        decoding="async"
        height="400"
        loading="lazy"
        src="/_next/image?url=%2Fimages%2Ficons%2Fexperience.png&w=828&q=75"
        srcset="/_next/image?url=%2Fimages%2Ficons%2Fexperience.png&w=640&q=75 1x, /_next/image?url=%2Fimages%2Ficons%2Fexperience.png&w=828&q=75 2x"
        style="color: transparent;"
        width="400"
      />
    </div>
  </section>
</div>
`;
