// Vitest Snapshot v1, https://vitest.dev/guide/snapshot.html

exports[`UsingTemurin component > should render correctly 1`] = `
<div>
  <section
    class="py-16 max-w-[1048px] w-full mx-auto lg:flex justify-center lg:justify-between xl:px-0 px-6 "
  >
    <div
      class="lg:max-w-[560px] w-full"
    >
      <h2
        class="md:text-5xl text-[40px] font-normal leading-[48px] md:leading-[56px]"
      >
        How other companies are using Temurin
      </h2>
      <p
        class="md:mt-6 my-10 text-grey text-base leading-6 font-normal"
      >
        Discover how industry leaders leverage Temurin to enhance performance and drive innovation in their development processes.
      </p>
    </div>
    <div
      class="max-w-[400px] w-full hidden lg:block"
    >
      <img
        alt="scroll-divider"
        class="mb-0"
        height="400"
        src="/images/icons/experience.png"
        width="400"
      />
    </div>
  </section>
</div>
`;
