// Vitest Snapshot v1, https://vitest.dev/guide/snapshot.html

exports[`Tests for MacOSPanel component > renders correctly 1`] = `
<div>
  <div>
    <pre
      class="shell-box no-highlight"
    >
      <div
        class="shell-box-top"
      />
      <code
        class="shell-box-code"
      >
        <span
          class="install__text__no-select"
        >
          # Install the latest LTS version
        </span>
        <br />
        <span
          class="install__text__no-select"
        >
          $
        </span>
        <span
          class="install-text-command"
        >
          brew install --cask 
        </span>
        temurin
      </code>
    </pre>
    <br />
    <pre
      class="shell-box no-highlight"
    >
      <div
        class="shell-box-top"
      />
      <code
        class="shell-box-code"
      >
        <span
          class="install__text__no-select"
        >
          # Install a specific version
        </span>
        <br />
        <span
          class="install__text__no-select"
        >
          $
        </span>
        <span
          class="install-text-command"
        >
          brew install --cask 
        </span>
        temurin@8
        <br />
        <span
          class="install__text__no-select"
        >
          $
        </span>
        <span
          class="install-text-command"
        >
          brew install --cask 
        </span>
        temurin@
        21
      </code>
    </pre>
    <br />
    <br />
    <br />
    <pre
      class="shell-box no-highlight"
    >
      <div
        class="shell-box-top"
      />
      <code
        class="shell-box-code"
      >
        <span
          class="install__text__no-select"
        >
          # Uninstall a specific version
        </span>
        <br />
        <span
          class="install__text__no-select"
        >
          $
        </span>
        <span
          class="install-text-command"
        >
          brew uninstall --cask 
        </span>
        temurin@
        21
      </code>
    </pre>
    <a
      class="install__docs-button"
      href="https://docs.brew.sh/Manpage"
    >
      Read documentation
    </a>
  </div>
</div>
`;
