// Vitest Snapshot v1, https://vitest.dev/guide/snapshot.html

exports[`StatsNav > matches snapshot 1`] = `
<nav
  class="flex justify-center m-8"
>
  <div
    class="inline-flex rounded-xl bg-white/10 border border-white/20 shadow-sm overflow-hidden"
  >
    <a
      aria-current="page"
      class="px-5 py-2 font-medium text-sm transition-colors focus:outline-none focus:ring-2 focus:ring-blue-400 focus:z-10 bg-blue-600 text-white"
      href="/stats/download"
    >
      Download Stats
    </a>
    <a
      class="px-5 py-2 font-medium text-sm transition-colors focus:outline-none focus:ring-2 focus:ring-blue-400 focus:z-10 text-blue-200 hover:bg-blue-700/30"
      href="/stats/trends"
    >
      Trends
    </a>
  </div>
</nav>
`;
