// Vitest Snapshot v1, https://vitest.dev/guide/snapshot.html

exports[`Author component > does not render without a username 1`] = `<div />`;

exports[`Author component > renders correctly 1`] = `
<div>
  <a
    aria-label="test-author"
    href="https://github.com/test-author"
    rel="noopener noreferrer"
    target="_blank"
  >
    <img
      alt="test-author"
      class="rounded-full border-solid border-4 border-purple mb-6"
      height="60"
      src="https://github.com/test-author.png?size=60"
      width="60"
    />
  </a>
</div>
`;
