// Vitest Snapshot v1, https://vitest.dev/guide/snapshot.html

exports[`Byline component > should render correctly 1`] = `
<div>
  <div
    class="flex justify-center items-center gap-5"
  >
    <img
      alt="Adoptium PMC"
      class="ml-2 mb-0 rounded-full"
      height="30"
      src="/images/authors/pmc.jpg"
      width="30"
    />
    <span
      class="text-[16px] font-bold leading-[150%] text-white"
    >
      <a
        href="/news/author/pmc"
      >
        <span
          class="text-primary pr-2"
        >
          Adoptium PMC
          ,
        </span>
         
        2021-07-01
      </a>
    </span>
  </div>
</div>
`;
