// Vitest Snapshot v1, https://vitest.dev/guide/snapshot.html

exports[`Byline component > should render correctly 1`] = `
<div>
  <div
    class="flex items-center gap-4"
  >
    <img
      alt="Adoptium PMC"
      class="ml-2 mb-0 rounded-full"
      height="30"
      src="/images/authors/pmc.jpg"
      width="30"
    />
    <div
      class="flex flex-col sm:flex-row sm:items-center gap-1 sm:gap-2 text-sm"
    >
      <a
        class="font-semibold text-pink hover:underline transition-colors"
        href="/news/author/pmc"
      >
        Adoptium PMC
      </a>
      <span
        class="hidden sm:inline text-gray-600"
      >
        ·
      </span>
      <time
        class="text-gray-400 light:text-gray-500"
      >
        2021-07-01
      </time>
    </div>
  </div>
</div>
`;
